oportunidad.cliente.rut.rut={cliente.rut}
oportunidad.cliente.rut.digitoVerificador={cliente.dv}
oportunidad.cliente.registradoEnSGC={registradoEnSGC}
oportunidad.cliente.tipoCliente=PM
oportunidad.cliente.banca={cliente.banca}
oportunidad.cliente.personaJuridica={personaJuridica}
oportunidad.cliente.nombre={cliente.nombre}
oportunidad.cliente.apellidoPaterno={cliente.apellidoPaterno}
oportunidad.cliente.apellidoMaterno={cliente.apellidoMaterno}
oportunidad.cliente.direccion.comuna={cliente.comuna}
oportunidad.cliente.direccion.tipoDireccion=oficina
oportunidad.cliente.direccion={cliente.direccion}
oportunidad.cliente.telefono.numero={cliente.telefono}
oportunidad.cliente.email={cliente.email}
oportunidad.cliente.fechaNacimiento={cliente.fechaNacimiento}
oportunidad.cliente.sexo={cliente.sexo}
oportunidad.cliente.estadoCivil={cliente.estadoCivil}
oportunidad.cliente.nivelEducacional={cliente.nivelEducacional}
oportunidad.cliente.actividad={cliente.actividad}
oportunidad.cliente.situacionLaboral={cliente.situacionLaboral}
oportunidad.cliente.empleador.razonSocial={cliente.empleador.razonSocial}
oportunidad.cliente.empleador.rut.rut={cliente.empleador.rut}
oportunidad.cliente.empleador.rut.digitoVerificador={cliente.empleador.dv}
oportunidad.cliente.empleador.direccion={cliente.empleador.direccion}
oportunidad.cliente.empleador.direccion.comuna={cliente.empleador.comuna}
oportunidad.cliente.ejecutivo={ejecutivoResponsable}
oportunidad.cliente.desde={cliente.desdeFecha}
oportunidad.cliente.segmento={cliente.segmento}
oportunidad.cliente.sucursal={cliente.sucursal}
oportunidad.cliente.razonsocial={cliente.razonSocial}
oportunidad.cliente.reprentateLegal.rut={reprentateLegal.rut}
oportunidad.cliente.reprentateLegal.nombre={reprentateLegal.nombre}
oportunidad.unidadDeNegocio.nombre=PM_COMERCIAL_Fogape
oportunidad.familiaProducto=PM_COMERCIAL_Fogape
oportunidad.etapa=Aprobaci&oacute;n
oportunidad.responsable={cliente.ejecutivo}
oportunidad.fechaEstimadaCierre={fechaCierre}
oportunidad.creador={cliente.ejecutivo}
oportunidad.estado=Activa
oportunidad.esViaje=4to click
oportunidad.nombre={oportunidad.nombre}
oportunidad.prioridad=Urgente
oportunidad.unidadNegocio.etapas[0].nombre=Cierre Acordado
oportunidad.unidadNegocio.etapas[0].estado=Terminada
oportunidad.unidadNegocio.etapas[0].ejecutivoTermino={cliente.ejecutivo}
oportunidad.unidadNegocio.etapas[0].tareas[0].nombre=Presentar propuesta para aprobaci&oacute;n comercial
oportunidad.unidadNegocio.etapas[0].tareas[0].estado=Cerrado
oportunidad.unidadNegocio.etapas[0].tareas[0].ejecutivoCierre={cliente.ejecutivo}
oportunidad.productoRelacionado.creditoComercial.monto={creditoComercial.monto}
oportunidad.productoRelacionado.creditoComercial.moneda={creditoComercial.moneda}
oportunidad.productoRelacionado.creditoComercial.credito=Curse
oportunidad.productoRelacionado.creditoComercial.numeroOperacion={creditoComercial.numeroOperacion}
oportunidad.productoRelacionado.creditoComercial.tipoCredito={creditoComercial.tipoCredito}
oportunidad.productoRelacionado.creditoComercial.garantiaOfrecida={creditoComercial.garantiaOfrecida}
oportunidad.productoRelacionado.creditoComercial.objetivoCredito=Capital de Trabajo
oportunidad.productoRelacionado.creditoComercial.fechaPrimerVencimiento={creditoComercial.fechaPrimerVencimiento}
oportunidad.productoRelacionado.creditoComercial.diaPago={creditoComercial.diaPago}
oportunidad.productoRelacionado.creditoComercial.numeroCuotas={creditoComercial.numeroCuotas}
oportunidad.productoRelacionado.creditoComercial.aprobadoPor=Margen
oportunidad.productoRelacionado.creditoComercial.tasaTotal={creditoComercial.tasaTotal}
oportunidad.productoRelacionado.creditoComercial.garantiaSafio={creditoComercial.garantiaSafio}
oportunidad.productoRelacionado.creditoComercial.spread=0
oportunidad.notas[0].tipo=Nota
oportunidad.notas[0].creador={cliente.ejecutivo}
oportunidad.notas[0].descripcion={nota.descripcion}
